// Jest Snapshot v1, https://goo.gl/fbAQLP

exports[`App should render correctly 1`] = `
<div
  className="App"
>
  <Header />
  <main
    className="App__main"
  >
    <p>
      There was a problem loading our artwork...
    </p>
  </main>
</div>
`;
